Executing file: test/resolver/test-1.nbl
global
global
