Executing file: test/interpreter/test-2.nbl
-6847.410000
