Executing file: test/interpreter/test-3.nbl
1.000000
