Executing file: test/stmt/test-5.nbl
assigned
nil
