Executing file: test/stmt/test-4.nbl
7.000000
Testing variable printing
5.000000
