Executing file: test/stmt/test-2.nbl
hello
world
nil
