Executing file: test/scanner/test.nbl
On line: 2, Error at ')': Expected an expression
On line: 8, Error at '/': Expected an expression
On line: 14, Error at 'class': Expected an expression
On line: 14, Error at 'for': Expected function name
On line: 14, Error at 'nil': Expected '(' after 'if' statement
On line: 14, Error at 'return': Expected '(' after 'print' statement
On line: 14, Error at 'while': Expected variable name
On line: 15, Error at end: Expected '}' after block
